test.jdbc.INRIA_1
test.jdbc.INRIA_2
test.jdbc.INRIA_3
test.jdbc.INRIA_4
test.jdbc.INRIA_5
test.jdbc.INRIA_6
test.jdbc.INRIA_7
test.jdbc.INRIA_8
test.jdbc.INRIA_9
test.jdbc.INRIA_10
test.jdbc.INRIA_11
test.jdbc.INRIA_12
# TODO: performance test - have to modify diff to detect the real failure when it occurs
#	test.jdbc.INRIA_13
test.jdbc.INRIA_14
test.jdbc.INRIA_15
test.jdbc.INRIA_16
test.jdbc.INRIA_17
org.inria.dmsp.test.TEST_1
org.inria.dmsp.test.TEST_1auto
org.inria.dmsp.test.TEST_2
org.inria.dmsp.test.TEST_3
org.inria.dmsp.test.TEST_4
org.inria.dmsp.test.TEST_4auto
# TODO: performance tests - have to modify diff to detect the real failure when it occurs
#	org.inria.dmsp.test.TEST_5
org.inria.dmsp.test.TEST_BenchGenerator_shaoyi
org.inria.dmsp.test.TEST_BUGAC
org.inria.dmsp.test.TEST_BUGCI
org.inria.dmsp.test.TEST_BUGdelete
org.inria.dmsp.test.TEST_BUGrollback
org.inria.dmsp.test.TEST_BUGrollbackdelete
org.inria.dmsp.test.TEST_BUGrollbackupdate
org.inria.dmsp.test.TEST_BUGupdate
org.inria.dmsp.test.TEST_checktimestamp
org.inria.dmsp.test.TEST_DeltaInitial
org.inria.dmsp.test.TEST_EMPTY
org.inria.dmsp.test.TEST_EP_Synchro_BUG_OP
org.inria.dmsp.test.TEST_EP_Synchro_lionel
org.inria.dmsp.test.TEST_EP_Synchro_lionelauto
org.inria.dmsp.test.TEST_EP_Synchro_shaoyi
org.inria.dmsp.test.TEST_EP_Synchro_shaoyiauto
org.inria.dmsp.test.TEST_EP_Synchro_yanli
org.inria.dmsp.test.TEST_EP_Synchro_yanliauto
org.inria.dmsp.test.TEST_EP_UI_
org.inria.dmsp.test.TEST_EP_UI_auto
org.inria.dmsp.test.TEST_EP_UI_lionel
org.inria.dmsp.test.TEST_EP_UI_lionelauto
org.inria.dmsp.test.TEST_EP_UI_luc
org.inria.dmsp.test.TEST_EP_UI_lucauto
org.inria.dmsp.test.TEST_EP_UI_marcel
org.inria.dmsp.test.TEST_EP_UI_marcelauto
org.inria.dmsp.test.TEST_EP_UI_nicolas
org.inria.dmsp.test.TEST_EP_UI_nicolasauto
org.inria.dmsp.test.TEST_EP_UI_shaoyi
org.inria.dmsp.test.TEST_EP_UI_shaoyiauto
org.inria.dmsp.test.TEST_EP_UI_tristan
org.inria.dmsp.test.TEST_EP_UI_tristanauto
org.inria.dmsp.test.TEST_EP_UI_yanli
org.inria.dmsp.test.TEST_EP_UI_yanliauto
org.inria.dmsp.test.TEST_FicheLiaisonEntourage
org.inria.dmsp.test.TEST_FicheLiaisonEntourageauto
org.inria.dmsp.test.TEST_LoadBigDB
org.inria.dmsp.test.TEST_LookupDeltaInitial
org.inria.dmsp.test.TEST_modifytimestamp
# TODO: performance tests - have to modify diff to detect the real failure when it occurs
#	org.inria.dmsp.test.TEST_new_performance
#	org.inria.dmsp.test.TEST_performance
#	org.inria.dmsp.test.TEST_performanceauto
#	org.inria.dmsp.test.TEST_opnostacknorunstack
#	org.inria.dmsp.test.TEST_opstackunstack
#	org.inria.dmsp.test.TEST_perf_dummy
org.inria.dmsp.test.TEST_returnDELETE
org.inria.dmsp.test.TEST_returnINSERT
org.inria.dmsp.test.TEST_returnUPDATE
org.inria.dmsp.test.TEST_corruptUPDATE
org.inria.dmsp.test.TEST_BUGnandlogs
org.inria.dmsp.test.TEST_BUGplanacc
org.inria.dmsp.test.TEST_UpdateHabilitations
org.inria.dmsp.test.TEST_rollback
org.inria.dmsp.test.TEST_EP_Synchro_BUG_OPauto
org.inria.dmsp.test.TEST_PDS_CIs
org.inria.dmsp.test.TEST_PDS_CIs_multi
org.inria.dmsp.test.TEST_PDS_CIs_NAND
org.inria.dmsp.test.TEST_PDS_CIs_NAND2
org.inria.dmsp.test.TEST_PDS_CIs_NAND3
org.inria.dmsp.test.TEST_PDS_CIs_NAND4
org.inria.dmsp.test.TEST_PDS_CIs_NAND5
org.inria.dmsp.test.TEST_PDS_CIs_NAND6
org.inria.dmsp.test.TEST_PDS_CIs_NAND7
org.inria.dmsp.test.TEST_PDS_CIs_NAND8
org.inria.dmsp.test.TEST_PDS_CIs_NAND9
org.inria.dmsp.test.TEST_PDS_CIs_NAND10
org.inria.dmsp.test.TEST_PDS_CIs_NAND11
org.inria.dmsp.test.TEST_PDS_CIs_NAND12
org.inria.dmsp.test.TEST_PDS_CIs_NAND13
org.inria.dmsp.test.TEST_PDS_CIs_NAND90k
org.inria.dmsp.test.TEST_PDS_CIs_multi2
org.inria.dmsp.test.TEST_PDS_CIs_multi3
org.inria.dmsp.test.TEST_PDS_CIs_multi4
org.inria.dmsp.test.TEST_PDS_CIs_delupd
org.inria.dmsp.test.TEST_PDS_CIs_HybridSkip0
org.inria.dmsp.test.TEST_PDS_CIs_HybridSkip1
org.inria.dmsp.test.TEST_PDS_CIs_HybridSkip2
org.inria.dmsp.test.TEST_PDS_CIs_HybridSkip3
org.inria.dmsp.test.TEST_PDS_CIs_HybridSkip4
org.inria.dmsp.test.TEST_PDS_CIs_HybridSkip5
org.inria.dmsp.test.TEST_PDS_CIs_HybridSkip6
org.inria.dmsp.test.TEST_PDS_CIs_HybridSkip7
org.inria.dmsp.test.TEST_PDS_CIs_HybridSkip8
org.inria.dmsp.test.TEST_PDS_CIs_HybridSkip9
org.inria.dmsp.test.TEST_PDS_CIs_FIS
org.inria.dmsp.test.TEST_PDS_CIs_FIS_multi
org.inria.dmsp.test.TEST_PDS_CIs_FIS_NAND
org.inria.dmsp.test.TEST_PDS_CIs_FIS_NAND2
org.inria.dmsp.test.TEST_PDS_CIs_FIS_NAND3
org.inria.dmsp.test.TEST_PDS_CIs_FIS_NAND4
org.inria.dmsp.test.TEST_PDS_CIs_FIS_NAND5
org.inria.dmsp.test.TEST_PDS_CIs_FIS_NAND6
org.inria.dmsp.test.TEST_PDS_CIs_FIS_NAND7
org.inria.dmsp.test.TEST_PDS_CIs_FIS_NAND8
org.inria.dmsp.test.TEST_PDS_CIs_FIS_NAND9
org.inria.dmsp.test.TEST_PDS_CIs_FIS_NAND10
org.inria.dmsp.test.TEST_PDS_CIs_FIS_NAND11
org.inria.dmsp.test.TEST_PDS_CIs_FIS_NAND12
org.inria.dmsp.test.TEST_PDS_CIs_FIS_NAND13
org.inria.dmsp.test.TEST_PDS_CIs_FIS_NAND90k
org.inria.dmsp.test.TEST_PDS_CIs_FIS_multi2
org.inria.dmsp.test.TEST_PDS_CIs_FIS_multi3
org.inria.dmsp.test.TEST_PDS_CIs_FIS_multi4
org.inria.dmsp.test.TEST_PDS_CIs_FIS_delupd
org.inria.dmsp.test.TEST_PDS_CIs_FIS_HybridSkip0
org.inria.dmsp.test.TEST_PDS_CIs_FIS_HybridSkip1
org.inria.dmsp.test.TEST_PDS_CIs_FIS_HybridSkip2
org.inria.dmsp.test.TEST_PDS_CIs_FIS_HybridSkip3
org.inria.dmsp.test.TEST_PDS_CIs_FIS_HybridSkip4
org.inria.dmsp.test.TEST_PDS_CIs_FIS_HybridSkip5
org.inria.dmsp.test.TEST_PDS_CIs_FIS_HybridSkip6
org.inria.dmsp.test.TEST_PDS_CIs_FIS_HybridSkip7
org.inria.dmsp.test.TEST_PDS_CIs_FIS_HybridSkip8
org.inria.dmsp.test.TEST_PDS_CIs_FIS_HybridSkip9
org.inria.dmsp.test.TEST_PDS_CIs_SS
org.inria.dmsp.test.TEST_PDS_CIs_SS_multi
org.inria.dmsp.test.TEST_PDS_CIs_SS_NAND
org.inria.dmsp.test.TEST_PDS_CIs_SS_NAND2
org.inria.dmsp.test.TEST_PDS_CIs_SS_NAND3
org.inria.dmsp.test.TEST_PDS_CIs_SS_NAND4
org.inria.dmsp.test.TEST_PDS_CIs_SS_NAND5
org.inria.dmsp.test.TEST_PDS_CIs_SS_NAND6
org.inria.dmsp.test.TEST_PDS_CIs_SS_NAND7
org.inria.dmsp.test.TEST_PDS_CIs_SS_NAND8
org.inria.dmsp.test.TEST_PDS_CIs_SS_NAND9
org.inria.dmsp.test.TEST_PDS_CIs_SS_NAND10
org.inria.dmsp.test.TEST_PDS_CIs_SS_NAND11
org.inria.dmsp.test.TEST_PDS_CIs_SS_NAND12
org.inria.dmsp.test.TEST_PDS_CIs_SS_NAND13
org.inria.dmsp.test.TEST_PDS_CIs_SS_NAND90k
org.inria.dmsp.test.TEST_PDS_CIs_SS_multi2
org.inria.dmsp.test.TEST_PDS_CIs_SS_multi3
org.inria.dmsp.test.TEST_PDS_CIs_SS_multi4
org.inria.dmsp.test.TEST_PDS_CIs_SS_delupd
org.inria.dmsp.test.TEST_PDS_CIs_SS_HybridSkip0
org.inria.dmsp.test.TEST_PDS_CIs_SS_HybridSkip1
org.inria.dmsp.test.TEST_PDS_CIs_SS_HybridSkip2
org.inria.dmsp.test.TEST_PDS_CIs_SS_HybridSkip3
org.inria.dmsp.test.TEST_PDS_CIs_SS_HybridSkip4
org.inria.dmsp.test.TEST_PDS_CIs_SS_HybridSkip5
org.inria.dmsp.test.TEST_PDS_CIs_SS_HybridSkip6
org.inria.dmsp.test.TEST_PDS_CIs_SS_HybridSkip7
org.inria.dmsp.test.TEST_PDS_CIs_SS_HybridSkip8
org.inria.dmsp.test.TEST_PDS_CIs_SS_HybridSkip9
