org.inria.dmsp.test.TEST_PDS_CIs
org.inria.dmsp.test.TEST_PDS_CIs_multi
org.inria.dmsp.test.TEST_PDS_CIs_NAND
org.inria.dmsp.test.TEST_PDS_CIs_NAND2
org.inria.dmsp.test.TEST_PDS_CIs_NAND3
org.inria.dmsp.test.TEST_PDS_CIs_NAND4
org.inria.dmsp.test.TEST_PDS_CIs_NAND5
org.inria.dmsp.test.TEST_PDS_CIs_NAND6
org.inria.dmsp.test.TEST_PDS_CIs_NAND7
org.inria.dmsp.test.TEST_PDS_CIs_NAND8
org.inria.dmsp.test.TEST_PDS_CIs_NAND9
org.inria.dmsp.test.TEST_PDS_CIs_NAND10
org.inria.dmsp.test.TEST_PDS_CIs_NAND11
org.inria.dmsp.test.TEST_PDS_CIs_NAND12
org.inria.dmsp.test.TEST_PDS_CIs_NAND13
org.inria.dmsp.test.TEST_PDS_CIs_NAND90k
org.inria.dmsp.test.TEST_PDS_CIs_NAND14
org.inria.dmsp.test.TEST_PDS_CIs_multi2
org.inria.dmsp.test.TEST_PDS_CIs_multi3
org.inria.dmsp.test.TEST_PDS_CIs_multi4
org.inria.dmsp.test.TEST_PDS_CIs_delupd
org.inria.dmsp.test.TEST_PDS_CIs_HybridSkip0
org.inria.dmsp.test.TEST_PDS_CIs_HybridSkip1
org.inria.dmsp.test.TEST_PDS_CIs_HybridSkip2
org.inria.dmsp.test.TEST_PDS_CIs_HybridSkip3
org.inria.dmsp.test.TEST_PDS_CIs_HybridSkip4
org.inria.dmsp.test.TEST_PDS_CIs_HybridSkip5
org.inria.dmsp.test.TEST_PDS_CIs_HybridSkip6
org.inria.dmsp.test.TEST_PDS_CIs_HybridSkip7
org.inria.dmsp.test.TEST_PDS_CIs_HybridSkip8
org.inria.dmsp.test.TEST_PDS_CIs_HybridSkip9
org.inria.dmsp.test.TEST_PDS_CIs_FIS
org.inria.dmsp.test.TEST_PDS_CIs_FIS_multi
org.inria.dmsp.test.TEST_PDS_CIs_FIS_NAND
org.inria.dmsp.test.TEST_PDS_CIs_FIS_NAND2
org.inria.dmsp.test.TEST_PDS_CIs_FIS_NAND3
org.inria.dmsp.test.TEST_PDS_CIs_FIS_NAND4
org.inria.dmsp.test.TEST_PDS_CIs_FIS_NAND5
org.inria.dmsp.test.TEST_PDS_CIs_FIS_NAND6
org.inria.dmsp.test.TEST_PDS_CIs_FIS_NAND7
org.inria.dmsp.test.TEST_PDS_CIs_FIS_NAND8
org.inria.dmsp.test.TEST_PDS_CIs_FIS_NAND9
org.inria.dmsp.test.TEST_PDS_CIs_FIS_NAND10
org.inria.dmsp.test.TEST_PDS_CIs_FIS_NAND11
org.inria.dmsp.test.TEST_PDS_CIs_FIS_NAND12
org.inria.dmsp.test.TEST_PDS_CIs_FIS_NAND13
org.inria.dmsp.test.TEST_PDS_CIs_FIS_NAND90k
org.inria.dmsp.test.TEST_PDS_CIs_FIS_NAND14
org.inria.dmsp.test.TEST_PDS_CIs_FIS_multi2
org.inria.dmsp.test.TEST_PDS_CIs_FIS_multi3
org.inria.dmsp.test.TEST_PDS_CIs_FIS_multi4
org.inria.dmsp.test.TEST_PDS_CIs_FIS_delupd
org.inria.dmsp.test.TEST_PDS_CIs_FIS_HybridSkip0
org.inria.dmsp.test.TEST_PDS_CIs_FIS_HybridSkip1
org.inria.dmsp.test.TEST_PDS_CIs_FIS_HybridSkip2
org.inria.dmsp.test.TEST_PDS_CIs_FIS_HybridSkip3
org.inria.dmsp.test.TEST_PDS_CIs_FIS_HybridSkip4
org.inria.dmsp.test.TEST_PDS_CIs_FIS_HybridSkip5
org.inria.dmsp.test.TEST_PDS_CIs_FIS_HybridSkip6
org.inria.dmsp.test.TEST_PDS_CIs_FIS_HybridSkip7
org.inria.dmsp.test.TEST_PDS_CIs_FIS_HybridSkip8
org.inria.dmsp.test.TEST_PDS_CIs_FIS_HybridSkip9
org.inria.dmsp.test.TEST_PDS_CIs_SS
org.inria.dmsp.test.TEST_PDS_CIs_SS_multi
org.inria.dmsp.test.TEST_PDS_CIs_SS_NAND
org.inria.dmsp.test.TEST_PDS_CIs_SS_NAND2
org.inria.dmsp.test.TEST_PDS_CIs_SS_NAND3
org.inria.dmsp.test.TEST_PDS_CIs_SS_NAND4
org.inria.dmsp.test.TEST_PDS_CIs_SS_NAND5
org.inria.dmsp.test.TEST_PDS_CIs_SS_NAND6
org.inria.dmsp.test.TEST_PDS_CIs_SS_NAND7
org.inria.dmsp.test.TEST_PDS_CIs_SS_NAND8
org.inria.dmsp.test.TEST_PDS_CIs_SS_NAND9
org.inria.dmsp.test.TEST_PDS_CIs_SS_NAND10
org.inria.dmsp.test.TEST_PDS_CIs_SS_NAND11
org.inria.dmsp.test.TEST_PDS_CIs_SS_NAND12
org.inria.dmsp.test.TEST_PDS_CIs_SS_NAND13
org.inria.dmsp.test.TEST_PDS_CIs_SS_NAND90k
org.inria.dmsp.test.TEST_PDS_CIs_SS_NAND14
org.inria.dmsp.test.TEST_PDS_CIs_SS_multi2
org.inria.dmsp.test.TEST_PDS_CIs_SS_multi3
org.inria.dmsp.test.TEST_PDS_CIs_SS_multi4
org.inria.dmsp.test.TEST_PDS_CIs_SS_delupd
org.inria.dmsp.test.TEST_PDS_CIs_SS_HybridSkip0
org.inria.dmsp.test.TEST_PDS_CIs_SS_HybridSkip1
org.inria.dmsp.test.TEST_PDS_CIs_SS_HybridSkip2
org.inria.dmsp.test.TEST_PDS_CIs_SS_HybridSkip3
org.inria.dmsp.test.TEST_PDS_CIs_SS_HybridSkip4
org.inria.dmsp.test.TEST_PDS_CIs_SS_HybridSkip5
org.inria.dmsp.test.TEST_PDS_CIs_SS_HybridSkip6
org.inria.dmsp.test.TEST_PDS_CIs_SS_HybridSkip7
org.inria.dmsp.test.TEST_PDS_CIs_SS_HybridSkip8
org.inria.dmsp.test.TEST_PDS_CIs_SS_HybridSkip9
org.inria.dmsp.test.TEST_PDS_CIs_strings
